C:/Users/stage/Desktop/http_server/f746_fmc/cmsis/core/core_cm7.h:1896:22:__NVIC_EnableIRQ	16	static
C:/Users/stage/Desktop/http_server/f746_fmc/cmsis/core/core_cm7.h:1932:22:__NVIC_DisableIRQ	16	static,ignoring_inline_asm
C:/Users/stage/Desktop/http_server/f746_fmc/cmsis/core/core_cm7.h:2024:22:__NVIC_SetPriority	16	static
../app/src/main.c:16:5:main	8	static
../app/src/main.c:77:13:SystemClock_Config108	24	static
../app/src/main.c:135:6:print_menu	16	static
../app/src/main.c:143:6:NVIC_Init	8	static
../app/src/main.c:148:6:SRAM_Timer_Init	4	static
../app/src/main.c:174:6:test_sram	32	static
